[www.lauralarrosa.com/index.html]
[backblue.gif]
[fade.gif]
[index.html]
[www.lauralarrosa.com/projects.html]
[www.lauralarrosa.com/about.html]
[www.lauralarrosa.com/es/home.html]
[www.lauralarrosa.com/lumen-design-system.html]
[www.lauralarrosa.com/mamby-casestudy.html]
[www.lauralarrosa.com/babs-casestudy.html]
[www.lauralarrosa.com/spanish-casestudy.html]
[www.lauralarrosa.com/realty-casestudy.html]
[www.lauralarrosa.com/index.html]
[www.lauralarrosa.com/cookie-policy.html]
[www.lauralarrosa.com/projects.html]
[www.lauralarrosa.com/es/projects.html]
[www.lauralarrosa.com/about.html]
[www.lauralarrosa.com/es/about.html]
[www.lauralarrosa.com/es/lumen-design-system.html]
[www.lauralarrosa.com/es/mamby-casestudy.html]
[www.lauralarrosa.com/es/babs-casestudy.html]
[www.lauralarrosa.com/es/spanish-casestudy.html]
[www.lauralarrosa.com/es/realty-casestudy.html]
[www.lauralarrosa.com/es/home.html]
[www.lauralarrosa.com/lumen-design-system.html]
[www.lauralarrosa.com/es/cookie-policy.html]
[www.lauralarrosa.com/mamby-casestudy/editor.html]
[www.lauralarrosa.com/mamby-casestudy.html]
[www.lauralarrosa.com/babs-casestudy.html]
[www.lauralarrosa.com/spanish-casestudy.html]
[www.lauralarrosa.com/realty-casestudy.html]
[www.lauralarrosa.com/cookie-policy.html]
[www.lauralarrosa.com/es/projects.html]
[www.lauralarrosa.com/es/about.html]
[www.lauralarrosa.com/es/lumen-design-system.html]
[www.lauralarrosa.com/mamby-casestudy/dashboard.html]
[www.lauralarrosa.com/mamby-casestudy/es/editor.html]
[www.lauralarrosa.com/es/mamby-casestudy.html]
[www.lauralarrosa.com/es/babs-casestudy.html]
[www.lauralarrosa.com/es/spanish-casestudy.html]
[www.lauralarrosa.com/es/realty-casestudy.html]
[www.lauralarrosa.com/es/cookie-policy.html]
[www.lauralarrosa.com/mamby-casestudy/editor.html]
[www.lauralarrosa.com/mamby-casestudy/dashboard.html]
[www.lauralarrosa.com/mamby-casestudy/es/editor.html]
[www.lauralarrosa.com/mamby-casestudy/es/dashboard.html]
[www.lauralarrosa.com/mamby-casestudy/es/dashboard.html]
